<?xml version="1.0" encoding="UTF-8"?>
<testsuites name="jest tests" tests="3" failures="0" errors="0" time="0.741">
  <testsuite name="Log format" errors="0" failures="0" skipped="0" timestamp="2022-11-01T07:38:58" time="0.713" tests="3">
    <testcase classname="Log format info log" name="Log format info log" time="0.001">
    </testcase>
    <testcase classname="Log format warn log" name="Log format warn log" time="0">
    </testcase>
    <testcase classname="Log format error log" name="Log format error log" time="0.001">
    </testcase>
  </testsuite>
</testsuites>